// Jest Snapshot v1, https://goo.gl/fbAQLP

exports[`Header Component Renders Default State 1`] = `
<header
  className="Header"
>
  <Link
    to="/"
  >
    Noteful
  </Link>
</header>
`;
